[fgh.space/index.html]
[backblue.gif]
[fade.gif]
[index.html]
[fgh.space/favicon.ico]
[code.jquery.com/jquery-1.11.0.min.js]
[fgh.space/fgh2/web/js/scriptc4ca.js]
[fgh.space/fgh2/web/style/styled41d.css]
[fgh.space/fgh2/web/Build/UnityLoader.js]
[fgh.space/old.html]
[fgh.space/index.html]
[fgh.space/fgh2/web/style/styled41d.css]
[fgh.space/images/logo256.png]
[code.jquery.com/ui/1.10.4/jquery-ui.js]
[fgh.space/js/browser_detect.js]
[fgh.space/js/allapi1679.js]
[fgh.space/js/script9bf3.js]
[fgh.space/js/jquery.cookie.js]
[fgh.space/style/style1679.css]
[www.google-analytics.com/analytics.js]
[ulogin.ru/js/ulogin.js]
[fgh.space/privacypolicy.html]
[www.free-kassa.ru/img/fk_btn/14.png]
[fgh.space/old.html]
[fgh.space/images/bg/bg_body_1024.jpg]
[fgh.space/images/bg/bg_body_1280.jpg]
[fgh.space/images/bg/bg_body_1366.jpg]
[fgh.space/images/bg/bg_body_1440.jpg]
[fgh.space/images/bg/bg_body_1600.jpg]
[fgh.space/images/bg/bg_body_1920.jpg]
[fgh.space/images/bg/bg_body_super.jpg]
[fgh.space/images/ajax-loader.gif]
[fgh.space/images/close_btn.png]
[fgh.space/images/en_ico.png]
[fgh.space/images/ru_ico.png]
[fgh.space/images/social_btn_vk.png]
[fgh.space/images/social_btn_fb.png]
[fgh.space/images/social_btn_tw.png]
[fgh.space/images/social_btn_ok.png]
[fgh.space/images/social_btn_gp.png]
[fgh.space/images/social_btn_export.png]
[fgh.space/images/social_btn_ml.png]
[fgh.space/images/social_btn_vk_a.png]
[fgh.space/images/social_btn_fb_a.png]
[fgh.space/images/social_btn_tw_a.png]
[fgh.space/images/social_btn_ok_a.png]
[fgh.space/images/social_btn_gp_a.png]
[fgh.space/images/social_btn_ml_a.png]
[fgh.space/images/social_btn_export_a.png]
[fgh.space/images/social_btn_group_vk.png]
[fgh.space/images/social_btn_group_gp.png]
[fgh.space/images/social_btn_group_fb.png]
[fgh.space/images/social_btn_group_tw.png]
[fgh.space/images/page_top.png]
[fgh.space/images/flash_guitar_hero.png]
[fgh.space/images/red_light_250.gif]
[fgh.space/style/style1679.css]
[fgh.space/+uLogin.ids[b].hovered_sprite+]
[fgh.space/$1/index.html]
[fgh.space/AppleWebKit/index.html]
[fgh.space/version/3.0/html/weight_set.html]
[fgh.space/auth.php]
[fgh.space/url.php]
[fgh.space/version/3.0/html/buttons_receiver.html]
[ulogin.ru/js/ulogin.js]
[fgh.space/privacypolicy.html]
[fgh.space/$1/index.html]
[fgh.space/AppleWebKit/index.html]
[fgh.space/+uLogin.ids[b].html]
[fgh.space/version/3.0/html/weight_set.html]
[fgh.space/auth.html]
[fgh.space/url.html]
[fgh.space/version/3.0/html/buttons_receiver.html]
